[www.alexaglobalfinance.com/index.html]
[backblue.gif]
[fade.gif]
[index.html]
[www.alexaglobalfinance.com/etc/clientlib-default.min.001bf72e86ac4a5150822ce748c8d0ae.css]
[www.alexaglobalfinance.com/site.min.css]
[www.alexaglobalfinance.com/images/F0D7474F-1F49-4101-8929-61D532625137-removebg-preview.png]
[www.alexaglobalfinance.com/css/bootstrap.min.css]
[www.alexaglobalfinance.com/css/font-awesome.min.css]
[www.alexaglobalfinance.com/css/animate.css]
[www.alexaglobalfinance.com/css/bootstrap-4-navbar.css]
[www.alexaglobalfinance.com/css/filterizer.css]
[www.alexaglobalfinance.com/inc/lightbox/css/jquery.fancybox.css]
[www.alexaglobalfinance.com/css/owl.carousel.min.css]
[www.alexaglobalfinance.com/css/owl.theme.default.min.css]
[www.alexaglobalfinance.com/css/fakeLoader.css]
[www.alexaglobalfinance.com/css/sweetalert.css]
[www.alexaglobalfinance.com/style.css]
[www.alexaglobalfinance.com/color/default.css]
[www.alexaglobalfinance.com/color/color-switcher.css]
[www.alexaglobalfinance.com/css/responsive.css]
[www.alexaglobalfinance.com/css/toastr.css]
[www.alexaglobalfinance.com/cdn.weglot.com/weglot.min.js]
[gtranslate.net/flags/16.png]
[www.alexaglobalfinance.com/secure/customer_login.html]
[gtranslate.net/flags/16a.png]
[translate.google.com/translate_a/element7876.js]
[www.alexaglobalfinance.com/index-2.html]
[www.alexaglobalfinance.com/F0D7474F-1F49-4101-8929-61D532625137-removebg-preview.png]
[www.alexaglobalfinance.com/index-3.html]
[www.alexaglobalfinance.com/current-accounts.html]
[www.alexaglobalfinance.com/premier-accounts.html]
[www.alexaglobalfinance.com/advance-accounts.html]
[www.alexaglobalfinance.com/student-accounts.html]
[www.alexaglobalfinance.com/bank-accounts.html]
[www.alexaglobalfinance.com/saving-accounts.html]
[www.alexaglobalfinance.com/isas-accounts.html]
[www.alexaglobalfinance.com/online-bonus-saver.html]
[www.alexaglobalfinance.com/flexible-saver.html]
[www.alexaglobalfinance.com/credit-cards]
[www.alexaglobalfinance.com/32-month-balance-transfer.html]
[www.alexaglobalfinance.com/advance.html]
[www.alexaglobalfinance.com/dual.html]
[www.alexaglobalfinance.com/classic.html]
[www.alexaglobalfinance.com/premier.html]
[www.alexaglobalfinance.com/premier-world-elite.html]
[www.alexaglobalfinance.com/student.html]
[www.alexaglobalfinance.com/contactandsupport.html]
[www.alexaglobalfinance.com/ways-to-bank.html]
[www.alexaglobalfinance.com/phone-banking.html]
[www.alexaglobalfinance.com/branch-locator.html]
[www.alexaglobalfinance.com/international.html]
[www.alexaglobalfinance.com/currency-account.html]
[www.alexaglobalfinance.com/money-transfer.html]
[www.alexaglobalfinance.com/travel-money.html]
[www.alexaglobalfinance.com/loans.html]
[www.alexaglobalfinance.com/personal-loans.html]
[www.alexaglobalfinance.com/car-loans.html]
[www.alexaglobalfinance.com/flexible.html]
[www.alexaglobalfinance.com/premier-personal.html]
[www.alexaglobalfinance.com/graduate-loans.html]
[www.alexaglobalfinance.com/overdrafts.html]
[www.alexaglobalfinance.com/mortgages.html]
[www.alexaglobalfinance.com/first-time-buyers.html]
[www.alexaglobalfinance.com/95-mortgages.html]
[ajax.googleapis.com/ajax/libs/jquery/3.4.1/jquery.min.js]
[www.alexaglobalfinance.com/cdnjs.cloudflare.com/ajax/libs/popper.js/1.14.0/umd/popper.min]
[ajax.googleapis.com/ajax/libs/jquery/3.3.1/jquery.min.js]
[www.alexaglobalfinance.com/etc/clientlib-all.min.2f2dbb3959c1dcdb1f3b1f52f1375b62.js]
[www.alexaglobalfinance.com/index.html]
[www.alexaglobalfinance.com/etc/clientlib-default.min.001bf72e86ac4a5150822ce748c8d0ae.css]
[www.alexaglobalfinance.com/site.min.css]
[www.alexaglobalfinance.com/css/bootstrap.min.css]
[www.alexaglobalfinance.com/css/font-awesome.min.css]
[www.alexaglobalfinance.com/css/animate.css]
[www.alexaglobalfinance.com/css/bootstrap-4-navbar.css]
[www.alexaglobalfinance.com/css/filterizer.css]
[www.alexaglobalfinance.com/inc/lightbox/css/jquery.fancybox.css]
[www.alexaglobalfinance.com/css/owl.carousel.min.css]
[www.alexaglobalfinance.com/css/owl.theme.default.min.css]
[www.alexaglobalfinance.com/css/fakeLoader.css]
[www.alexaglobalfinance.com/css/sweetalert.css]
[www.alexaglobalfinance.com/style.css]
[www.alexaglobalfinance.com/color/default.css]
[www.alexaglobalfinance.com/color/color-switcher.css]
[www.alexaglobalfinance.com/css/responsive.css]
[www.alexaglobalfinance.com/css/customcss.css]
[www.alexaglobalfinance.com/css/toastr.css]
[cdn.weglot.com/weglot.min.css]
[www.alexaglobalfinance.com/t,location.href]
[www.alexaglobalfinance.com/t.href,location.href]
[www.alexaglobalfinance.com/d.location.href]
[www.alexaglobalfinance.com/Yt(ie.language_from]
[www.alexaglobalfinance.com/Yt(r.language_to]
[www.alexaglobalfinance.com/cdn.weglot.com/weglot.min.js]
[www.alexaglobalfinance.com/secure/customer_login.html]
[www.alexaglobalfinance.com/customer_login]
[www.alexaglobalfinance.com/index-2.html]
[www.alexaglobalfinance.com/index-3.html]
[www.alexaglobalfinance.com/current-accounts/products/bank-account/index]
[www.alexaglobalfinance.com/current-accounts/products/advance/index]
[www.alexaglobalfinance.com/current-accounts/products/premier/day-to-day-banking/bank-account/index]
[www.alexaglobalfinance.com/current-accounts/products/student/index]
[www.alexaglobalfinance.com/current-accounts.html]
[www.alexaglobalfinance.com/premier-accounts.html]
[www.alexaglobalfinance.com/advance-accounts.html]
[www.alexaglobalfinance.com/student-accounts.html]
[www.alexaglobalfinance.com/bank-accounts.html]
[www.alexaglobalfinance.com/saving-accounts.html]
[www.alexaglobalfinance.com/isas-accounts.html]
[www.alexaglobalfinance.com/online-bonus-saver.html]
[www.alexaglobalfinance.com/flexible-saver.html]
[www.alexaglobalfinance.com/credit-cards.html]
[www.alexaglobalfinance.com/account/personal-banking/login]
[www.alexaglobalfinance.com/account/index]
[www.alexaglobalfinance.com/32-month-balance-transfer.html]
[www.alexaglobalfinance.com/advance.html]
[www.alexaglobalfinance.com/dual.html]
[www.alexaglobalfinance.com/classic.html]
[www.alexaglobalfinance.com/premier.html]
[www.alexaglobalfinance.com/premier-world-elite.html]
[www.alexaglobalfinance.com/student.html]
[www.alexaglobalfinance.com/contactandsupport.html]
[www.alexaglobalfinance.com/ways-to-bank.html]
[www.alexaglobalfinance.com/phone-banking.html]
[www.alexaglobalfinance.com/branch-locator.html]
[www.alexaglobalfinance.com/international.html]
[www.alexaglobalfinance.com/currency-account.html]
[www.alexaglobalfinance.com/money-transfer.html]
[www.alexaglobalfinance.com/travel-money.html]
[www.alexaglobalfinance.com/loans.html]
[www.alexaglobalfinance.com/personal-loans.html]
[www.alexaglobalfinance.com/car-loans.html]
[www.alexaglobalfinance.com/flexible.html]
[www.alexaglobalfinance.com/content/dam/Bank/gb/pdf/HSB-MCP51204-WEB]
[www.alexaglobalfinance.com/premier-personal.html]
[www.alexaglobalfinance.com/graduate-loans.html]
[www.alexaglobalfinance.com/overdrafts.html]
[www.alexaglobalfinance.com/mortgages.html]
[www.alexaglobalfinance.com/first-time-buyers.html]
[www.alexaglobalfinance.com/95-mortgages.html]
[www.alexaglobalfinance.com/remortgage.html]
[www.alexaglobalfinance.com/buy-to-let-mortgages.html]
[www.alexaglobalfinance.com/existing-customers.html]
[www.alexaglobalfinance.com/mortgage-rates.html]
[www.alexaglobalfinance.com/armed-forces.html]
[www.alexaglobalfinance.com/money-worries.html]
[www.alexaglobalfinance.com/tools-and-guides.html]
[www.alexaglobalfinance.com/overpayment-calculator.html]
[www.alexaglobalfinance.com/repayment-calculator.html]
[www.alexaglobalfinance.com/bank-of-england-base-rate.html]
[www.alexaglobalfinance.com/investing.html]
[www.alexaglobalfinance.com/investment-funds.html]
[www.alexaglobalfinance.com/world-selection-isa.html]
[www.alexaglobalfinance.com/sharedealing.html]
[www.alexaglobalfinance.com/premier-financial-advice.html]
[www.alexaglobalfinance.com/stand-alone-investment-advice.html]
[www.alexaglobalfinance.com/onshore-investment-bond.html]
[www.alexaglobalfinance.com/child-trust-funds.html]
[www.alexaglobalfinance.com/news.html]
[www.alexaglobalfinance.com/why-invest-with-us.html]
[www.alexaglobalfinance.com/wealth-insights.html]
[www.alexaglobalfinance.com/investment-funds-online.html]
[www.alexaglobalfinance.com/gsa.html]
[www.alexaglobalfinance.com/selected-investment-funds.html]
[www.alexaglobalfinance.com/getting-started.html]
[www.alexaglobalfinance.com/insurance.html]
[www.alexaglobalfinance.com/home-insurance.html]
[www.alexaglobalfinance.com/travel-insurance.html]
[www.alexaglobalfinance.com/student-insurance.html]
[www.alexaglobalfinance.com/life-insurance.html]
[www.alexaglobalfinance.com/life-cover.html]
[www.alexaglobalfinance.com/critical-illness-cover.html]
[www.alexaglobalfinance.com/income-cover.html]
[www.alexaglobalfinance.com/protection-telephone-advice.html]
[www.alexaglobalfinance.com/home-insurance-claims.html]
[www.alexaglobalfinance.com/car-insurance-claims.html]
[www.alexaglobalfinance.com/premier-travel.html]
[www.alexaglobalfinance.com/premier-car.html]
[www.alexaglobalfinance.com/life-events.html]
[www.alexaglobalfinance.com/dealing-with-bereavement.html]
[www.alexaglobalfinance.com/dealing-with-separation.html]
[www.alexaglobalfinance.com/settling-in-the-uk.html]
[www.alexaglobalfinance.com/getting-married.html]
[www.alexaglobalfinance.com/planning-your-retirement.html]
[www.alexaglobalfinance.com/growing-your-wealth.html]
[www.alexaglobalfinance.com/moving-abroad.html]
[www.alexaglobalfinance.com/planningtools.html]
[www.alexaglobalfinance.com/financial-health-check.html]
[www.alexaglobalfinance.com/protecting-what-matters.html]
[www.alexaglobalfinance.com/ways-we-can-help.html]
[www.alexaglobalfinance.com/quality-conversations.html]
[www.alexaglobalfinance.com/images/b1.html]
[www.alexaglobalfinance.com/images/visa (1).html]
[www.alexaglobalfinance.com/images/visa1-removebg-preview.html]
[www.alexaglobalfinance.com/images/visa2.html]
[www.alexaglobalfinance.com/secure/register.html]
[www.alexaglobalfinance.com/secure/customer_reset.html]
[www.alexaglobalfinance.com/images/blog-1.html]
[www.alexaglobalfinance.com/images/blog-2.html]
[www.alexaglobalfinance.com/images/blog-3.html]
[www.alexaglobalfinance.com/images/blog-4.html]
[www.alexaglobalfinance.com/images/blog-5.html]
[www.alexaglobalfinance.com/images/blog-6.html]
[www.alexaglobalfinance.com/images/blog-7.html]
[www.alexaglobalfinance.com/images/bl-840.html]
[www.alexaglobalfinance.com/images/blog-9.html]
[www.alexaglobalfinance.com/images/blog-8.html]
[www.alexaglobalfinance.com/images/couple-hiking-840.html]
[www.alexaglobalfinance.com/images/Question-mark.html]
[www.alexaglobalfinance.com/register.html]
[www.alexaglobalfinance.com/1.12.4/jquery.min.html]
[www.alexaglobalfinance.com/cdnjs.cloudflare.com/ajax/libs/popper.js/1.14.0/umd/popper.html]
[www.alexaglobalfinance.com/js/bootstrap.min.html]
[www.alexaglobalfinance.com/js/wow.min.html]
[www.alexaglobalfinance.com/js/waypoints.min.html]
[www.alexaglobalfinance.com/js/jquery.counterup.min.html]
[www.alexaglobalfinance.com/js/jquery.filterizr.min.html]
[www.alexaglobalfinance.com/js/filterizer-controls.html]
[www.alexaglobalfinance.com/js/owl.carousel.min.html]
[www.alexaglobalfinance.com/inc/lightbox/js/jquery.fancybox.pack.html]
[www.alexaglobalfinance.com/inc/lightbox/js/lightbox.html]
[www.alexaglobalfinance.com/js/map.html]
[www.alexaglobalfinance.com/js/fakeLoader.min.html]
[www.alexaglobalfinance.com/js/scrolltopcontrol.html]
[www.alexaglobalfinance.com/js/bootstrap-4-navbar.html]
[www.alexaglobalfinance.com/js/jquery.sticky.html]
[www.alexaglobalfinance.com/js/jquery.magnific-popup.min.html]
[www.alexaglobalfinance.com/js/color-switcher.html]
[www.alexaglobalfinance.com/js/color-switcher-active.html]
[www.alexaglobalfinance.com/js/custom.html]
[www.alexaglobalfinance.com/js/jquery.bxslider.min.html]
[www.alexaglobalfinance.com/js/toastr.html]
[www.alexaglobalfinance.com/js/sweetalert.html]
[www.alexaglobalfinance.com/1/2/GET.html]
[www.alexaglobalfinance.com/isDSTShifted is deprecated. See http_/momentjs.com/guides/index.html]
[www.alexaglobalfinance.com/Trident/index.html]
[www.alexaglobalfinance.com/1/2/mustache.html]
[www.alexaglobalfinance.com/index-4.html]
[www.alexaglobalfinance.com/etc/clientlib-all.min.2f2dbb3959c1dcdb1f3b1f52f1375b62.js]
[www.alexaglobalfinance.com/etc/clientlib.min.b3ec3a2325eaa4cbc74a2e2f0b755b0f.html]
[www.alexaglobalfinance.com/etc/common/img/mobile_banking.html]
[www.alexaglobalfinance.com/etc/common/img/exclamation_mark.html]
[www.alexaglobalfinance.com/etc/common/img/close.html]
[www.alexaglobalfinance.com/etc/common/social/email.html]
[www.alexaglobalfinance.com/etc/common/social/facebook.html]
[www.alexaglobalfinance.com/etc/common/social/googleplus.html]
[www.alexaglobalfinance.com/etc/common/social/instagram.html]
[www.alexaglobalfinance.com/etc/common/social/link.html]
[www.alexaglobalfinance.com/etc/common/social/linkedin.html]
[www.alexaglobalfinance.com/etc/common/social/pinterest.html]
[www.alexaglobalfinance.com/etc/common/social/share.html]
[www.alexaglobalfinance.com/etc/common/social/share-black.html]
[www.alexaglobalfinance.com/etc/common/social/share-dark-steel-blue.html]
[www.alexaglobalfinance.com/etc/common/social/share-inverted.html]
[www.alexaglobalfinance.com/etc/common/social/share-white.html]
[www.alexaglobalfinance.com/etc/common/social/twitter.html]
[www.alexaglobalfinance.com/etc/common/social/vimeo.html]
[www.alexaglobalfinance.com/etc/common/social/wechat.html]
[www.alexaglobalfinance.com/etc/common/social/weibo.html]
[www.alexaglobalfinance.com/etc/common/social/whatsapp.html]
[www.alexaglobalfinance.com/etc/common/social/youtube.html]
[www.alexaglobalfinance.com/etc/common/img/flags_24.html]
[www.alexaglobalfinance.com/1/2/images/flags_24.html]
[www.alexaglobalfinance.com/1/2/images/flags_16.html]
[www.alexaglobalfinance.com/etc/common/img/flags_16.html]
[www.alexaglobalfinance.com/fonts/icomoon87f487f487f487f4.html]
[www.alexaglobalfinance.com/fonts/icomoon87f487f487f487f4-2.html]
[www.alexaglobalfinance.com/fonts/icomoon87f487f487f487f4-3.html]
[www.alexaglobalfinance.com/fonts/icomoon87f487f487f487f4-4.html]
[www.alexaglobalfinance.com/fonts/dcefont.html]
[www.alexaglobalfinance.com/fonts/dcefontd41dd41dd41dd41d.html]
[www.alexaglobalfinance.com/fonts/dcefont-2.html]
[www.alexaglobalfinance.com/fonts/dcefont-3.html]
[www.alexaglobalfinance.com/fonts/dcefont-4.html]
[www.alexaglobalfinance.com/fonts/smc.html]
[www.alexaglobalfinance.com/fonts/smcd41dd41dd41dd41d.html]
[www.alexaglobalfinance.com/fonts/smc-2.html]
[www.alexaglobalfinance.com/fonts/smc-3.html]
[www.alexaglobalfinance.com/fonts/smc-4.html]
[www.alexaglobalfinance.com/img/ie_alert.html]
[www.alexaglobalfinance.com/img/Carousel-arrow-52.html]
[www.alexaglobalfinance.com/img/select-arrow.html]
[www.alexaglobalfinance.com/img/fireball-flags.html]
[www.alexaglobalfinance.com/img/choices-logo-blue_lite.html]
[www.alexaglobalfinance.com/img/EHL-Slice.html]
[www.alexaglobalfinance.com/img/blue_icon_dropdown.html]
[www.alexaglobalfinance.com/fonts/fontawesome-webfont3e6e3e6e3e6e3e6e.html]
[www.alexaglobalfinance.com/fonts/fontawesome-webfontd41dd41dd41dd41d.html]
[www.alexaglobalfinance.com/fonts/fontawesome-webfont3e6e3e6e3e6e3e6e-2.html]
[www.alexaglobalfinance.com/fonts/fontawesome-webfont3e6e3e6e3e6e3e6e-3.html]
[www.alexaglobalfinance.com/fonts/fontawesome-webfont3e6e3e6e3e6e3e6e-4.html]
[www.alexaglobalfinance.com/fonts/fontawesome-webfont3e6e3e6e3e6e3e6e-5.html]
[www.alexaglobalfinance.com/inc/lightbox/images/fancybox_sprite.html]
[www.alexaglobalfinance.com/inc/lightbox/images/fancybox_loading.html]
[www.alexaglobalfinance.com/inc/lightbox/images/blank.html]
[www.alexaglobalfinance.com/inc/lightbox/images/fancybox_overlay.html]
[www.alexaglobalfinance.com/inc/lightbox/images/fancybox_sprite@2x.html]
[www.alexaglobalfinance.com/inc/lightbox/images/fancybox_loading@2x.html]
[www.alexaglobalfinance.com/css/owl.video.play.html]
[www.alexaglobalfinance.com/images/left.html]
[www.alexaglobalfinance.com/images/right.html]
[www.alexaglobalfinance.com/images/bg-2.html]
[www.alexaglobalfinance.com/images/bg-3.html]
[www.alexaglobalfinance.com/images/bg-4.html]
[www.alexaglobalfinance.com/images/bg-5.html]
[www.alexaglobalfinance.com/images/bg-1.html]
[www.alexaglobalfinance.com/images/bg-6.html]
[www.alexaglobalfinance.com/images/slider-9.html]
[cdn.weglot.com/images/rect_mate.png]
[cdn.weglot.com/weglot.min.css]
[www.alexaglobalfinance.com/t,location.html]
[www.alexaglobalfinance.com/t.href,location.html]
[www.alexaglobalfinance.com/d.location.html]
[www.alexaglobalfinance.com/Yt(ie.html]
[www.alexaglobalfinance.com/Yt(r.html]
[www.alexaglobalfinance.com/ajax.googleapis.com/ajax/libs/jquery/3.3.1/jquery.min.html]
[www.alexaglobalfinance.com/customer_login.html]
[www.alexaglobalfinance.com/images/curentacc.html]
[www.alexaglobalfinance.com/current-accounts/products/bank-account/index.html]
[www.alexaglobalfinance.com/current-accounts/products/advance/index.html]
[www.alexaglobalfinance.com/current-accounts/products/premier/day-to-day-banking/bank-account/index.html]
[www.alexaglobalfinance.com/current-accounts/products/student/index.html]
[www.alexaglobalfinance.com/images/visa.html]
[www.alexaglobalfinance.com/images/img5.html]
[www.alexaglobalfinance.com/images/img6.html]
[www.alexaglobalfinance.com/images/img7.html]
[www.alexaglobalfinance.com/images/protecting-your-money.html]
[www.alexaglobalfinance.com/images/img8.html]
[www.alexaglobalfinance.com/images/img9.html]
[www.alexaglobalfinance.com/images/img10.html]
[www.alexaglobalfinance.com/images/img11.html]
[www.alexaglobalfinance.com/images/family.html]
[www.alexaglobalfinance.com/images/morning-coffee.html]
[www.alexaglobalfinance.com/images/dual-cass-moneyfacts.html]
[www.alexaglobalfinance.com/images/q1.html]
[www.alexaglobalfinance.com/images/q2.html]
[www.alexaglobalfinance.com/images/q3.html]
[www.alexaglobalfinance.com/images/q4.html]
[www.alexaglobalfinance.com/images/main-hero-image.html]
[www.alexaglobalfinance.com/images/guarantee-1000-od.html]
[www.alexaglobalfinance.com/images/connect-to-the-bigger-pic.html]
[www.alexaglobalfinance.com/images/make-your-own-future.html]
[www.alexaglobalfinance.com/images/student-credit-c.html]
[www.alexaglobalfinance.com/images/grad-and-Intern-opp.html]
[www.alexaglobalfinance.com/images/apprentice-opp.html]
[www.alexaglobalfinance.com/images/student-banking.html]
[www.alexaglobalfinance.com/images/couple-dancing-kitchen.html]
[www.alexaglobalfinance.com/images/friends-eating-dessert-travel.html]
[www.alexaglobalfinance.com/images/help-to-buy.html]
[www.alexaglobalfinance.com/images/business-woman-outside.html]
[www.alexaglobalfinance.com/images/isas1.html]
[www.alexaglobalfinance.com/images/isas2.html]
[www.alexaglobalfinance.com/images/couple-birthday-gift.html]
[www.alexaglobalfinance.com/images/aa.html]
[www.alexaglobalfinance.com/images/bb.html]
[www.alexaglobalfinance.com/images/cc.html]
[www.alexaglobalfinance.com/images/couple-at-table.html]
[www.alexaglobalfinance.com/images/wq1.html]
[www.alexaglobalfinance.com/images/wq.html]
[www.alexaglobalfinance.com/images/family-beach-time.html]
[www.alexaglobalfinance.com/images/img1.html]
[www.alexaglobalfinance.com/images/img2.html]
[www.alexaglobalfinance.com/images/img3.html]
[www.alexaglobalfinance.com/account/personal-banking/login.html]
[www.alexaglobalfinance.com/account/index.html]
[www.alexaglobalfinance.com/images/couple-at-market.html]
[www.alexaglobalfinance.com/images/img4.html]
[www.alexaglobalfinance.com/images/explore.html]
[www.alexaglobalfinance.com/images/student-visa.html]
[www.alexaglobalfinance.com/images/friends-shopping.html]
[www.alexaglobalfinance.com/images/travel.html]
[www.alexaglobalfinance.com/images/accord1.html]
[www.alexaglobalfinance.com/images/accord3.html]
[www.alexaglobalfinance.com/images/accord2.html]
[www.alexaglobalfinance.com/images/accord4.html]
[www.alexaglobalfinance.com/images/wei.html]
[www.alexaglobalfinance.com/images/students-park-smile.html]
[www.alexaglobalfinance.com/images/banner_contact_and_support_1040x330.html]
[www.alexaglobalfinance.com/images/more_res_banking_made_easy_300x140.html]
[www.alexaglobalfinance.com/images/more_res_security_centre_300x140.html]
[www.alexaglobalfinance.com/images/more_res_find_a_branch_300x140.html]
[www.alexaglobalfinance.com/images/family-with-dog.html]
[www.alexaglobalfinance.com/images/mobbank.html]
[www.alexaglobalfinance.com/images/ffd.html]
[www.alexaglobalfinance.com/images/kka.html]
[www.alexaglobalfinance.com/images/banking.html]
[www.alexaglobalfinance.com/images/apple-pay.html]
[www.alexaglobalfinance.com/images/google-pay.html]
[www.alexaglobalfinance.com/images/samsung-pay.html]
[www.alexaglobalfinance.com/images/businessman-phone-city.html]
[www.alexaglobalfinance.com/images/online-banking.html]
[www.alexaglobalfinance.com/images/qwe.html]
[www.alexaglobalfinance.com/images/qwf.html]
[www.alexaglobalfinance.com/images/man-beach-hammock.html]
[www.alexaglobalfinance.com/images/banking_locator.html]
[www.alexaglobalfinance.com/images/mom-snorckeling-kid.html]
[www.alexaglobalfinance.com/images/lp1.html]
[www.alexaglobalfinance.com/images/lp2.html]
[www.alexaglobalfinance.com/images/lp3.html]
[www.alexaglobalfinance.com/images/lp4.html]
[www.alexaglobalfinance.com/images/lp5.html]
[www.alexaglobalfinance.com/images/lp6.html]
[www.alexaglobalfinance.com/images/lp7.html]
[www.alexaglobalfinance.com/images/lp8.html]
[www.alexaglobalfinance.com/images/couple-travel-morocco.html]
[www.alexaglobalfinance.com/images/bl.html]
[www.alexaglobalfinance.com/images/bl1.html]
[www.alexaglobalfinance.com/images/bl2.html]
[www.alexaglobalfinance.com/images/woman-travelling-kid-airport.html]
[www.alexaglobalfinance.com/images/n1.html]
[www.alexaglobalfinance.com/images/n2.html]
[www.alexaglobalfinance.com/images/n3.html]
[www.alexaglobalfinance.com/images/couple-moving-sofa.html]
[www.alexaglobalfinance.com/images/couple-home-moving-blueprints.html]
[www.alexaglobalfinance.com/images/qq.html]
[www.alexaglobalfinance.com/images/qqq.html]
[www.alexaglobalfinance.com/images/qqqq.html]
[www.alexaglobalfinance.com/images/family-driving.html]
[www.alexaglobalfinance.com/images/pregnancy.html]
[www.alexaglobalfinance.com/images/pl1.html]
[www.alexaglobalfinance.com/images/pl2.html]
[www.alexaglobalfinance.com/images/pl3.html]
[www.alexaglobalfinance.com/content/dam/Bank/gb/pdf/HSB-MCP51204-WEB.html]
[www.alexaglobalfinance.com/images/aa1.html]
[www.alexaglobalfinance.com/images/aa2.html]
[www.alexaglobalfinance.com/images/graduates-hat-throwing.html]
[www.alexaglobalfinance.com/images/1a.html]
[www.alexaglobalfinance.com/images/group-friends-sports-lauthing.html]
[www.alexaglobalfinance.com/images/desktop-mortgages.html]
[www.alexaglobalfinance.com/images/firsttimebuyer.html]
[www.alexaglobalfinance.com/images/remortgage.html]
[www.alexaglobalfinance.com/images/buytolet.html]
[www.alexaglobalfinance.com/images/existingcustomer.html]
[www.alexaglobalfinance.com/1/2/GET.html]
[www.alexaglobalfinance.com/isDSTShifted is deprecated. See http_/momentjs.com/guides/index.html]
[www.alexaglobalfinance.com/Trident/index.html]
[www.alexaglobalfinance.com/1/2/mustache.html]
[www.alexaglobalfinance.com/index-4.html]
